[backblue.gif]
[fade.gif]
[index.html]
[cfsummit.com/jquery-1.11.0.min.js]
[cfsummit.com/bootstrap.min.js]
[cfsummit.com/cfsummit.js]
[cfsummit.com/images/save_the_date.png]
[cfsummit.com/images/cfsummit-logo-2015-santaclara.png]
[cfsummit.com/index.html]
[cfsummit.com/images/SaveTheDate_CFSummit_logo.png]
[cfsummit.com/images/about.png]
[cfsummit.com/images/speakers.png]
[cfsummit.com/images/speakers-row-2.png]
[cfsummit.com/images/hotel.png]
[cfsummit.com/images/sponsors/ibm-color.png]
[cfsummit.com/images/sponsors/hp-color.png]
[cfsummit.com/images/sponsors/pivotal-color.png]
[cfsummit.com/images/sponsors/vmware.png]
[cfsummit.com/images/sponsors/activestate.png]
[cfsummit.com/images/sponsors/altoros.png]
[cfsummit.com/images/sponsors/centurylink.png]
[cfsummit.com/images/sponsors/canopy.png]
[cfsummit.com/CanopyCompose_DataSheet.pdf]
[cfsummit.com/images/sponsors/piston.png]
[cfsummit.com/images/sponsors/bluebox.png]
[cfsummit.com/images/sponsors/redislabs.png]
[cfsummit.com/RedisLabs-GlideCaseStudy.pdf]
[cfsummit.com/images/sponsors/ntt.png]
[cfsummit.com/images/sponsors/sendgrid.png]
[cfsummit.com/images/sponsors/canonical.png]
[cfsummit.com/images/sponsors/nebulaworks.png]
[cfsummit.com/images/sponsors/dell.png]
[cfsummit.com/images/sponsors/sonian.png]
[cfsummit.com/images/sponsors/mendix.png]
[cfsummit.com/images/sponsors/sap.png]
[cfsummit.com/images/sponsors/appfirst.png]
[cfsummit.com/images/sponsors/anynines.png]
[cfsummit.com/images/cfmark-color.png]
[cfsummit.com/2014.html]
[cfsummit.com/2014/index.html]
[cfsummit.com/images/bg-cfsummit.png]
[cfsummit.com/images/sponsors-bg.png]
[cfsummit.com/images/schedule-bg.png]
[cfsummit.com/images/location-blue-bg.png]
[cfsummit.com/images/ICO_pdf.png]
[cfsummit.com/cfsummit.css]
[cfsummit.com/2013.html]
[cfsummit.com/master.css]
[cfsummit.com/cfsummitfc35.css]
[cfsummit.com/2013/coverage.html]
[cfsummit.com/2013/index.html]
